key                                                                         null
    key1                                                                  value1
    key2                                                                  value2
        key11                                                             value1
        key12                                                             value2
